📍 Чат: Stasy MCGroup
🕒 Время: 08:41
💬 Сообщение: по остальным вопросам сможешь проконсультировать ?
---
📍 Чат: Natallia V
🕒 Время: 09:11
💬 Сообщение: Здравствуйте. Спасибо большое
---
📍 Чат: Evgenia Tumar
🕒 Время: 09:11
💬 Сообщение: NIP мой же указывать?
---
📍 Чат: Павел Qantex
🕒 Время: 09:07
💬 Сообщение: Да, вернули ту сумму, которая висела как надплата в розличенях в e-Urzad. Вопрос закрыт.
---
📍 Чат: Лучшие менеджеры в мире!!
🕒 Время: 09:06
💬 Сообщение: Все знают все
Скажи да конечно
---
📍 Чат: Telegram
🕒 Время: 09:04
💬 Сообщение: Kod logowania: 69091. Nie podawaj tego kodu nikomu, nawet jeśli twierdzi, że pracuje dla Telegrama!

❗️Ten kod może być użyty do zalogowania się na twoje konto Telegrama. Nigdy nie prosimy o niego w żadnym innym celu.

Użytkowniku, jeśli nie prosiłeś o ten kod, próbując zalogować się na innym urządzeniu, po prostu zignoruj tę wiadomość.
---
📍 Чат: Helena Razbicka
🕒 Время: 09:01
💬 Сообщение: Отлично, спасибо что обратили внимание
---
📍 Чат: Максим * SPT Log
🕒 Время: 08:43
💬 Сообщение: спасибо
---
📍 Чат: Oleksandr Zaichenko Ewolucja Przedsiębiorstwa
🕒 Время: 08:26
💬 Сообщение: Понял. Спасибо
---
📍 Чат: Александр Галиев
🕒 Время: 08:25
💬 Сообщение: 600104967
---
📍 Чат: Nikolay Kotiak
🕒 Время: 08:02
💬 Сообщение: нет, не активна
---
📍 Чат: Beata Muchliado
🕒 Время: 07:51
💬 Сообщение: 
---
📍 Чат: Ravent Sp z.o.o
🕒 Время: 07:21
💬 Сообщение: Нам дали другую информацию, я уточню детальный статус
---
📍 Чат: Mcgroup Dasha
🕒 Время: 06:34
💬 Сообщение: Приветик, конечно ) Сейчас
---
xcode-select: note: No developer tools were found, requesting install.
If developer tools are located at a non-default location on disk, use `sudo xcode-select --switch path/to/Xcode.app` to specify the Xcode that you wish to use for command line developer tools, and cancel the installation dialog.
See `man xcode-select` for more details.
xcode-select: note: No developer tools were found, requesting install.
If developer tools are located at a non-default location on disk, use `sudo xcode-select --switch path/to/Xcode.app` to specify the Xcode that you wish to use for command line developer tools, and cancel the installation dialog.
See `man xcode-select` for more details.
xcode-select: note: No developer tools were found, requesting install.
If developer tools are located at a non-default location on disk, use `sudo xcode-select --switch path/to/Xcode.app` to specify the Xcode that you wish to use for command line developer tools, and cancel the installation dialog.
See `man xcode-select` for more details.
xcode-select: note: No developer tools were found, requesting install.
If developer tools are located at a non-default location on disk, use `sudo xcode-select --switch path/to/Xcode.app` to specify the Xcode that you wish to use for command line developer tools, and cancel the installation dialog.
See `man xcode-select` for more details.
xcode-select: note: No developer tools were found, requesting install.
If developer tools are located at a non-default location on disk, use `sudo xcode-select --switch path/to/Xcode.app` to specify the Xcode that you wish to use for command line developer tools, and cancel the installation dialog.
See `man xcode-select` for more details.
xcode-select: note: No developer tools were found, requesting install.
If developer tools are located at a non-default location on disk, use `sudo xcode-select --switch path/to/Xcode.app` to specify the Xcode that you wish to use for command line developer tools, and cancel the installation dialog.
See `man xcode-select` for more details.
xcode-select: note: No developer tools were found, requesting install.
If developer tools are located at a non-default location on disk, use `sudo xcode-select --switch path/to/Xcode.app` to specify the Xcode that you wish to use for command line developer tools, and cancel the installation dialog.
See `man xcode-select` for more details.
xcode-select: note: No developer tools were found, requesting install.
If developer tools are located at a non-default location on disk, use `sudo xcode-select --switch path/to/Xcode.app` to specify the Xcode that you wish to use for command line developer tools, and cancel the installation dialog.
See `man xcode-select` for more details.
xcode-select: note: No developer tools were found, requesting install.
If developer tools are located at a non-default location on disk, use `sudo xcode-select --switch path/to/Xcode.app` to specify the Xcode that you wish to use for command line developer tools, and cancel the installation dialog.
See `man xcode-select` for more details.
xcode-select: note: No developer tools were found, requesting install.
If developer tools are located at a non-default location on disk, use `sudo xcode-select --switch path/to/Xcode.app` to specify the Xcode that you wish to use for command line developer tools, and cancel the installation dialog.
See `man xcode-select` for more details.
xcode-select: note: No developer tools were found, requesting install.
If developer tools are located at a non-default location on disk, use `sudo xcode-select --switch path/to/Xcode.app` to specify the Xcode that you wish to use for command line developer tools, and cancel the installation dialog.
See `man xcode-select` for more details.
xcode-select: note: No developer tools were found, requesting install.
If developer tools are located at a non-default location on disk, use `sudo xcode-select --switch path/to/Xcode.app` to specify the Xcode that you wish to use for command line developer tools, and cancel the installation dialog.
See `man xcode-select` for more details.
xcode-select: note: No developer tools were found, requesting install.
If developer tools are located at a non-default location on disk, use `sudo xcode-select --switch path/to/Xcode.app` to specify the Xcode that you wish to use for command line developer tools, and cancel the installation dialog.
See `man xcode-select` for more details.
xcode-select: note: No developer tools were found, requesting install.
If developer tools are located at a non-default location on disk, use `sudo xcode-select --switch path/to/Xcode.app` to specify the Xcode that you wish to use for command line developer tools, and cancel the installation dialog.
See `man xcode-select` for more details.
xcode-select: note: No developer tools were found, requesting install.
If developer tools are located at a non-default location on disk, use `sudo xcode-select --switch path/to/Xcode.app` to specify the Xcode that you wish to use for command line developer tools, and cancel the installation dialog.
See `man xcode-select` for more details.
xcode-select: note: No developer tools were found, requesting install.
If developer tools are located at a non-default location on disk, use `sudo xcode-select --switch path/to/Xcode.app` to specify the Xcode that you wish to use for command line developer tools, and cancel the installation dialog.
See `man xcode-select` for more details.
